// Jest Snapshot v1, https://goo.gl/fbAQLP

exports[`ShopPage tests should render ShopPage component 1`] = `ReactWrapper {}`;
