// Jest Snapshot v1, https://goo.gl/fbAQLP

exports[`CartIcon rendering should render CartIcon component 1`] = `ShallowWrapper {}`;
